../Core/Src/main.c:86:6:cb_init	24	static
../Core/Src/main.c:101:6:cb_free	16	static
../Core/Src/main.c:106:6:cb_push_back	16	static
../Core/Src/main.c:120:6:cb_pop_front	16	static
../Core/Src/main.c:146:5:_write	32	static
../Core/Src/main.c:160:6:setPulseFromDutyValue	32	static
../Core/Src/main.c:179:8:getSpeedByDelta	32	static
../Core/Src/main.c:183:8:getPosition	48	static
../Core/Src/main.c:197:8:getTicksDelta	48	static
../Core/Src/main.c:231:5:main	80	static
../Core/Src/main.c:298:6:SystemClock_Config	88	static
../Core/Src/main.c:340:13:MX_TIM1_Init	56	static
../Core/Src/main.c:388:13:MX_TIM3_Init	64	static
../Core/Src/main.c:447:13:MX_TIM4_Init	32	static
../Core/Src/main.c:489:13:MX_USART2_UART_Init	8	static
../Core/Src/main.c:520:13:MX_GPIO_Init	40	static
../Core/Src/main.c:540:6:HAL_TIM_PeriodElapsedCallback	96	static
../Core/Src/main.c:592:6:Error_Handler	4	static,ignoring_inline_asm
